.\
interfaz2_app.dbf
interfaz2_app.fpt
interfaz2_app.cdx
libs\
interfaz2_app.vcx
interfaz2_app.vct
..\..\program files (x86)\microsoft visual foxpro 7\wizards\
_framewk.vcx
_framewk.vct
..\..\program files (x86)\microsoft visual foxpro 7\ffc\
_base.vcx
_base.vct
_ui.vcx
_ui.vct
_table.vcx
_table.vct
c:\users\fredy\appdata\local\temp\
interfaz2_main.mpx
interfaz2_go.mpx
interfaz2_app.fxp
_reports.vcx
_reports.vct
setobjrf.fxp
..\..\program files (x86)\microsoft visual foxpro 7\wizards\graphics\
browse.bmp
browse.msk
top.bmp
top.msk
previous.bmp
previous.msk
next.bmp
next.msk
bottom.bmp
bottom.msk
sortasc.bmp
sortasc.msk
sortdes.bmp
sortdes.msk
filter.bmp
filter.msk
new.bmp
new.msk
open.bmp
open.msk
save.bmp
save.msk
revert.bmp
revert.msk
print.bmp
print.msk
cut.bmp
cut.msk
copy.bmp
copy.msk
paste.bmp
paste.msk
help.bmp
help.msk
forms\
fondo.scx
fondo.sct
iniciar.fxp
wizbtns.vcx
wizbtns.vct
wizbase.vcx
wizbase.vct
..\..\program files (x86)\microsoft visual foxpro 7\wizards\wizbmps\
wzlocate.bmp
wzprint.bmp
wzclose.bmp
wznew.bmp
wzdelete.bmp
departamentos.scx
departamentos.sct
logo2.jpg
impuestos.scx
impuestos.sct
proveedores.scx
proveedores.sct
marcas.scx
marcas.sct
formaspago.scx
formaspago.sct
generar.fxp
corregir.fxp
almacenes.scx
almacenes.sct
config.scx
config.sct
generar.scx
generar.sct
secciones.scx
secciones.sct
vistas.fxp
creartablaplano.fxp
cargarplano.fxp
imagen.jpg
creararchivo.fxp
mediospago.scx
mediospago.sct
articulos.scx
articulos.sct
conceptosdtos.scx
conceptosdtos.sct
probarplano.fxp
trasladoscruzada.fxp
traslados.scx
traslados.sct
pasar.fxp
vtastraslados.fxp
basura.fxp
prueba.fxp
conceptospago.scx
conceptospago.sct
propinas.fxp
vendedores.scx
vendedores.sct
roles.scx
roles.sct
porcentajes.scx
porcentajes.sct
calculopropinas.fxp
cargarhoras.fxp
reservadas.scx
reservadas.sct
prueba.scx
prueba.sct
vendedoresreservadas.scx
vendedoresreservadas.sct
horas.scx
horas.sct
marcaciones.fxp
calculopropinas.scx
calculopropinas.sct
generarextras.scx
generarextras.sct
festivos.scx
festivos.sct
